---
source: src/virtual_packages.rs
expression: packages
---
[]
